[2026-02-22T02:37] BASIC-PROCESSING-LOOP: Batch Processing Started
================================================
Process Timestamp: 2026-02-22 02:37:00

EMAILS PROCESSED: 10
- EMAIL_17ba1ec67a9fed75.md (Webtalk - High Priority)
- EMAIL_17de15fb0f8467c8.md (Exness.com - High Priority)
- EMAIL_17e298a5721e3abd.md (CoinGecko - High Priority)
- EMAIL_191f6f59bfe64564.md (Instagram - High Priority)
- EMAIL_191f70a6089ec9e0.md (Instagram - High Priority)
- EMAIL_198ddf00bd4f6561.md (NayaPay OTP - High Priority)
- EMAIL_199e760306ae2f6c.md (Panaversity - High Priority)
- EMAIL_19abccf1fb53a938.md (NayaPay OTP - High Priority)
- EMAIL_19c3a06bd1908c4c.md (NayaPay OTP - High Priority)
- EMAIL_19c7d0d5954fde13.md (Personal Test - High Priority)

ACTIONS TAKEN:
✓ All files read and summarized
✓ All files moved to /Done directory
✓ Dashboard.md updated with processing summary
✓ 0 pending messages remaining in /Needs_Action

STATUS: COMPLETE
All emails processed and archived successfully.
